[backblue.gif]
[fade.gif]
[index.html]
[i.imgur.com/VvSkzEk.jpg]
[i.imgur.com/5Dc4GUf.png]
[i.imgur.com/34H8jxq.jpg]
[i.imgur.com/T82c4be.png]
[i.imgur.com/DCZGOs6.png]
[i.imgur.com/x0dXNzo.png]
[i.imgur.com/kiioIRP.jpg]
[www.kleinco.org/old/index.html]
[www.kleinco.org/old/index-2.html]
[media.tumblr.com/6695a16611ed63e7de3d81ebbbbedcad/tumblr_inline_mntqezLJIn1qz4rgp.gif]
[i.imgur.com/yE11sq8.jpg]
[orig06.deviantart.net/84ff/f/2007/062/3/e/weird_green_alien_head_1_by_fantasystock.jpg]
[i.imgur.com/XYrLz8s.jpg]
[i.imgur.com/cLKtxnG.jpg]
[www.kleinco.org/old/conspir.html]
[i.imgur.com/Hv67kGh.jpg]
[www.kleinco.org/old/kleincotriopage.html]
[i.imgur.com/0uRlmZ4.gif]
[www.mediafire.com/file/72vvffbc8tpbs23/Plum+Café+Wallpaper.html]
[www.mediafire.com/file/fyz3dd5cdj699z3/CoC+Jazz+cover.html]
[i.imgur.com/SJzSzRf.png]
[www.mediafire.com/file/nd8cv99enkckciz/CoC+Jazz+Back.html]
[www.kleinco.org/old/downloads.html]
[3.bp.blogspot.com/-JdQyXQz70Aw/TcGvQaZKc5I/AAAAAAAAAe0/7MNcQQuajno/s1600/Indian Waving Flag Animation (3).gif]
[i.gyazo.com/51a299c7826d9c5369e9201f0995ca13.png]
[reasonsoflife.files.wordpress.com/2008/08/indian-flag-12.gif]
[i.imgur.com/EcLwMwi.png]
[www.kleinco.org/old/main.html]
[i.imgur.com/OOjF3Jt.png]
[www.kleinco.org/old/jangosoft.html]
[www.mediafire.com/file/72vvffbc8tpbs23/Plum+Café+Wallpaper.html]
[www.mediafire.com/file/fyz3dd5cdj699z3/CoC+Jazz+cover.html]
[www.mediafire.com/file/nd8cv99enkckciz/CoC+Jazz+Back.html]
[i.imgur.com/e1lGt5S.png]
[66.media.tumblr.com/8efcfccc87560a21ac340b8eef252626/tumblr_mqi0qta1fM1sbbaqgo1_500.gif]
[www.kleinco.org/old/lel_u_dums.html]
[www.kleinco.org/old/jobs.html]
[i.imgur.com/jkpLJuZ.gif]
[i.imgur.com/wLzuyBC.gif]
[i.imgur.com/x0lMizP.gif]
[i.imgur.com/j9XFGKM.gif]
[www.kleinco.org/old/service.html]
[www.kleinco.org/old/not found.html]
[www.umnet.com/pic/diy/screensaver/0/India--7726.gif]
